=== inicio Sun Aug 30 00:04:28 EDT 2026 ===
HTTP Request: GET https://jurisprudencia.cc.gob.gt/robots.txt "HTTP/1.1 200 OK"
HTTP Request: GET https://jurisprudencia.cc.gob.gt/ptmp/AtributoElastic.aspx?id=837638 "HTTP/1.1 200 OK"
{"url": "https://jurisprudencia.cc.gob.gt/ptmp/AtributoElastic.aspx?id=837638", "status": 200, "bytes": 15437, "outcome": "ok", "attempts": 1, "event": "http", "level": "info", "timestamp": "2026-08-30T04:04:31.637033Z"}
HTTP Request: GET https://jurisprudencia.cc.gob.gt/ptmp/AtributoElastic.aspx?id=835138 "HTTP/1.1 200 OK"
{"url": "https://jurisprudencia.cc.gob.gt/ptmp/AtributoElastic.aspx?id=835138", "status": 200, "bytes": 11673, "outcome": "ok", "attempts": 1, "event": "http", "level": "info", "timestamp": "2026-08-30T04:04:33.728877Z"}
HTTP Request: GET https://jurisprudencia.cc.gob.gt/ptmp/AtributoElastic.aspx?id=795801 "HTTP/1.1 200 OK"
{"url": "https://jurisprudencia.cc.gob.gt/ptmp/AtributoElastic.aspx?id=795801", "status": 200, "bytes": 7320, "outcome": "ok", "attempts": 1, "event": "http", "level": "info", "timestamp": "2026-08-30T04:04:35.674101Z"}
HTTP Request: GET https://jurisprudencia.cc.gob.gt/ptmp/AtributoElastic.aspx?id=853167 "HTTP/1.1 200 OK"
{"url": "https://jurisprudencia.cc.gob.gt/ptmp/AtributoElastic.aspx?id=853167", "status": 200, "bytes": 12228, "outcome": "ok", "attempts": 1, "event": "http", "level": "info", "timestamp": "2026-08-30T04:04:37.487982Z"}
HTTP Request: GET https://jurisprudencia.cc.gob.gt/ptmp/AtributoElastic.aspx?id=798150 "HTTP/1.1 200 OK"
{"url": "https://jurisprudencia.cc.gob.gt/ptmp/AtributoElastic.aspx?id=798150", "status": 200, "bytes": 14089, "outcome": "ok", "attempts": 1, "event": "http", "level": "info", "timestamp": "2026-08-30T04:04:39.507380Z"}
HTTP Request: GET https://jurisprudencia.cc.gob.gt/ptmp/AtributoElastic.aspx?id=799165 "HTTP/1.1 200 OK"
{"url": "https://jurisprudencia.cc.gob.gt/ptmp/AtributoElastic.aspx?id=799165", "status": 200, "bytes": 13412, "outcome": "ok", "attempts": 1, "event": "http", "level": "info", "timestamp": "2026-08-30T04:04:41.431393Z"}
HTTP Request: GET https://jurisprudencia.cc.gob.gt/ptmp/AtributoElastic.aspx?id=791838 "HTTP/1.1 200 OK"
{"url": "https://jurisprudencia.cc.gob.gt/ptmp/AtributoElastic.aspx?id=791838", "status": 200, "bytes": 8547, "outcome": "ok", "attempts": 1, "event": "http", "level": "info", "timestamp": "2026-08-30T04:04:43.659764Z"}
HTTP Request: GET https://jurisprudencia.cc.gob.gt/ptmp/AtributoElastic.aspx?id=823259 "HTTP/1.1 200 OK"
{"url": "https://jurisprudencia.cc.gob.gt/ptmp/AtributoElastic.aspx?id=823259", "status": 200, "bytes": 7387, "outcome": "ok", "attempts": 1, "event": "http", "level": "info", "timestamp": "2026-08-30T04:04:45.507832Z"}
HTTP Request: GET https://jurisprudencia.cc.gob.gt/ptmp/AtributoElastic.aspx?id=816625 "HTTP/1.1 200 OK"
{"url": "https://jurisprudencia.cc.gob.gt/ptmp/AtributoElastic.aspx?id=816625", "status": 200, "bytes": 13415, "outcome": "ok", "attempts": 1, "event": "http", "level": "info", "timestamp": "2026-08-30T04:04:47.499587Z"}
HTTP Request: GET https://jurisprudencia.cc.gob.gt/ptmp/AtributoElastic.aspx?id=825495 "HTTP/1.1 200 OK"
{"url": "https://jurisprudencia.cc.gob.gt/ptmp/AtributoElastic.aspx?id=825495", "status": 200, "bytes": 9164, "outcome": "ok", "attempts": 1, "event": "http", "level": "info", "timestamp": "2026-08-30T04:04:49.567979Z"}
HTTP Request: GET https://jurisprudencia.cc.gob.gt/ptmp/AtributoElastic.aspx?id=845607 "HTTP/1.1 200 OK"
{"url": "https://jurisprudencia.cc.gob.gt/ptmp/AtributoElastic.aspx?id=845607", "status": 200, "bytes": 14448, "outcome": "ok", "attempts": 1, "event": "http", "level": "info", "timestamp": "2026-08-30T04:04:51.885528Z"}
HTTP Request: GET https://jurisprudencia.cc.gob.gt/ptmp/AtributoElastic.aspx?id=795712 "HTTP/1.1 200 OK"
{"url": "https://jurisprudencia.cc.gob.gt/ptmp/AtributoElastic.aspx?id=795712", "status": 200, "bytes": 7320, "outcome": "ok", "attempts": 1, "event": "http", "level": "info", "timestamp": "2026-08-30T04:04:53.904557Z"}
HTTP Request: GET https://jurisprudencia.cc.gob.gt/ptmp/AtributoElastic.aspx?id=807508 "HTTP/1.1 200 OK"
{"url": "https://jurisprudencia.cc.gob.gt/ptmp/AtributoElastic.aspx?id=807508", "status": 200, "bytes": 12985, "outcome": "ok", "attempts": 1, "event": "http", "level": "info", "timestamp": "2026-08-30T04:04:55.735541Z"}
HTTP Request: GET https://jurisprudencia.cc.gob.gt/ptmp/AtributoElastic.aspx?id=833518 "HTTP/1.1 200 OK"
{"url": "https://jurisprudencia.cc.gob.gt/ptmp/AtributoElastic.aspx?id=833518", "status": 200, "bytes": 14780, "outcome": "ok", "attempts": 1, "event": "http", "level": "info", "timestamp": "2026-08-30T04:04:57.938818Z"}
HTTP Request: GET https://jurisprudencia.cc.gob.gt/ptmp/AtributoElastic.aspx?id=796019 "HTTP/1.1 200 OK"
{"url": "https://jurisprudencia.cc.gob.gt/ptmp/AtributoElastic.aspx?id=796019", "status": 200, "bytes": 7319, "outcome": "ok", "attempts": 1, "event": "http", "level": "info", "timestamp": "2026-08-30T04:05:00.031919Z"}
HTTP Request: GET https://jurisprudencia.cc.gob.gt/ptmp/AtributoElastic.aspx?id=848755 "HTTP/1.1 200 OK"
{"url": "https://jurisprudencia.cc.gob.gt/ptmp/AtributoElastic.aspx?id=848755", "status": 200, "bytes": 6761, "outcome": "suspiciously_short", "attempts": 1, "event": "http", "level": "info", "timestamp": "2026-08-30T04:05:01.842671Z"}
HTTP Request: GET https://jurisprudencia.cc.gob.gt/ptmp/AtributoElastic.aspx?id=845316 "HTTP/1.1 200 OK"
{"url": "https://jurisprudencia.cc.gob.gt/ptmp/AtributoElastic.aspx?id=845316", "status": 200, "bytes": 11903, "outcome": "ok", "attempts": 1, "event": "http", "level": "info", "timestamp": "2026-08-30T04:05:04.171845Z"}
HTTP Request: GET https://jurisprudencia.cc.gob.gt/ptmp/AtributoElastic.aspx?id=827774 "HTTP/1.1 200 OK"
{"url": "https://jurisprudencia.cc.gob.gt/ptmp/AtributoElastic.aspx?id=827774", "status": 200, "bytes": 9114, "outcome": "ok", "attempts": 1, "event": "http", "level": "info", "timestamp": "2026-08-30T04:05:06.543599Z"}
HTTP Request: GET https://jurisprudencia.cc.gob.gt/ptmp/AtributoElastic.aspx?id=796266 "HTTP/1.1 200 OK"
{"url": "https://jurisprudencia.cc.gob.gt/ptmp/AtributoElastic.aspx?id=796266", "status": 200, "bytes": 7320, "outcome": "ok", "attempts": 1, "event": "http", "level": "info", "timestamp": "2026-08-30T04:05:08.799087Z"}
HTTP Request: GET https://jurisprudencia.cc.gob.gt/ptmp/AtributoElastic.aspx?id=791953 "HTTP/1.1 200 OK"
{"url": "https://jurisprudencia.cc.gob.gt/ptmp/AtributoElastic.aspx?id=791953", "status": 200, "bytes": 8510, "outcome": "ok", "attempts": 1, "event": "http", "level": "info", "timestamp": "2026-08-30T04:05:11.105063Z"}
HTTP Request: GET https://jurisprudencia.cc.gob.gt/ptmp/AtributoElastic.aspx?id=810729 "HTTP/1.1 200 OK"
{"url": "https://jurisprudencia.cc.gob.gt/ptmp/AtributoElastic.aspx?id=810729", "status": 200, "bytes": 11786, "outcome": "ok", "attempts": 1, "event": "http", "level": "info", "timestamp": "2026-08-30T04:05:12.966951Z"}
HTTP Request: GET https://jurisprudencia.cc.gob.gt/ptmp/AtributoElastic.aspx?id=846282 "HTTP/1.1 200 OK"
{"url": "https://jurisprudencia.cc.gob.gt/ptmp/AtributoElastic.aspx?id=846282", "status": 200, "bytes": 9793, "outcome": "ok", "attempts": 1, "event": "http", "level": "info", "timestamp": "2026-08-30T04:05:15.147740Z"}
HTTP Request: GET https://jurisprudencia.cc.gob.gt/ptmp/AtributoElastic.aspx?id=827175 "HTTP/1.1 200 OK"
{"url": "https://jurisprudencia.cc.gob.gt/ptmp/AtributoElastic.aspx?id=827175", "status": 200, "bytes": 10578, "outcome": "ok", "attempts": 1, "event": "http", "level": "info", "timestamp": "2026-08-30T04:05:17.467944Z"}
HTTP Request: GET https://jurisprudencia.cc.gob.gt/ptmp/AtributoElastic.aspx?id=806790 "HTTP/1.1 200 OK"
{"url": "https://jurisprudencia.cc.gob.gt/ptmp/AtributoElastic.aspx?id=806790", "status": 200, "bytes": 11607, "outcome": "ok", "attempts": 1, "event": "http", "level": "info", "timestamp": "2026-08-30T04:05:19.609499Z"}
HTTP Request: GET https://jurisprudencia.cc.gob.gt/ptmp/AtributoElastic.aspx?id=839355 "HTTP/1.1 200 OK"
{"url": "https://jurisprudencia.cc.gob.gt/ptmp/AtributoElastic.aspx?id=839355", "status": 200, "bytes": 9792, "outcome": "ok", "attempts": 1, "event": "http", "level": "info", "timestamp": "2026-08-30T04:05:21.591027Z"}
HTTP Request: GET https://jurisprudencia.cc.gob.gt/ptmp/AtributoElastic.aspx?id=821341 "HTTP/1.1 200 OK"
{"url": "https://jurisprudencia.cc.gob.gt/ptmp/AtributoElastic.aspx?id=821341", "status": 200, "bytes": 10667, "outcome": "ok", "attempts": 1, "event": "http", "level": "info", "timestamp": "2026-08-30T04:05:23.287643Z"}
HTTP Request: GET https://jurisprudencia.cc.gob.gt/ptmp/AtributoElastic.aspx?id=828477 "HTTP/1.1 200 OK"
{"url": "https://jurisprudencia.cc.gob.gt/ptmp/AtributoElastic.aspx?id=828477", "status": 200, "bytes": 9192, "outcome": "ok", "attempts": 1, "event": "http", "level": "info", "timestamp": "2026-08-30T04:05:25.239795Z"}
HTTP Request: GET https://jurisprudencia.cc.gob.gt/ptmp/AtributoElastic.aspx?id=827603 "HTTP/1.1 200 OK"
{"url": "https://jurisprudencia.cc.gob.gt/ptmp/AtributoElastic.aspx?id=827603", "status": 200, "bytes": 11738, "outcome": "ok", "attempts": 1, "event": "http", "level": "info", "timestamp": "2026-08-30T04:05:27.335617Z"}
HTTP Request: GET https://jurisprudencia.cc.gob.gt/ptmp/AtributoElastic.aspx?id=823706 "HTTP/1.1 200 OK"
{"url": "https://jurisprudencia.cc.gob.gt/ptmp/AtributoElastic.aspx?id=823706", "status": 200, "bytes": 11661, "outcome": "ok", "attempts": 1, "event": "http", "level": "info", "timestamp": "2026-08-30T04:05:29.644863Z"}
HTTP Request: GET https://jurisprudencia.cc.gob.gt/ptmp/AtributoElastic.aspx?id=791104 "HTTP/1.1 200 OK"
{"url": "https://jurisprudencia.cc.gob.gt/ptmp/AtributoElastic.aspx?id=791104", "status": 200, "bytes": 6747, "outcome": "ok", "attempts": 1, "event": "http", "level": "info", "timestamp": "2026-08-30T04:05:32.012420Z"}
HTTP Request: GET https://jurisprudencia.cc.gob.gt/ptmp/AtributoElastic.aspx?id=850521 "HTTP/1.1 200 OK"
{"url": "https://jurisprudencia.cc.gob.gt/ptmp/AtributoElastic.aspx?id=850521", "status": 200, "bytes": 9775, "outcome": "ok", "attempts": 1, "event": "http", "level": "info", "timestamp": "2026-08-30T04:05:33.993999Z"}
HTTP Request: GET https://jurisprudencia.cc.gob.gt/ptmp/AtributoElastic.aspx?id=845839 "HTTP/1.1 200 OK"
{"url": "https://jurisprudencia.cc.gob.gt/ptmp/AtributoElastic.aspx?id=845839", "status": 200, "bytes": 14706, "outcome": "ok", "attempts": 1, "event": "http", "level": "info", "timestamp": "2026-08-30T04:05:36.288507Z"}
HTTP Request: GET https://jurisprudencia.cc.gob.gt/ptmp/AtributoElastic.aspx?id=826966 "HTTP/1.1 200 OK"
{"url": "https://jurisprudencia.cc.gob.gt/ptmp/AtributoElastic.aspx?id=826966", "status": 200, "bytes": 7971, "outcome": "ok", "attempts": 1, "event": "http", "level": "info", "timestamp": "2026-08-30T04:05:38.111003Z"}
HTTP Request: GET https://jurisprudencia.cc.gob.gt/ptmp/AtributoElastic.aspx?id=829875 "HTTP/1.1 200 OK"
{"url": "https://jurisprudencia.cc.gob.gt/ptmp/AtributoElastic.aspx?id=829875", "status": 200, "bytes": 13242, "outcome": "ok", "attempts": 1, "event": "http", "level": "info", "timestamp": "2026-08-30T04:05:40.357064Z"}
HTTP Request: GET https://jurisprudencia.cc.gob.gt/ptmp/AtributoElastic.aspx?id=852284 "HTTP/1.1 200 OK"
{"url": "https://jurisprudencia.cc.gob.gt/ptmp/AtributoElastic.aspx?id=852284", "status": 200, "bytes": 10939, "outcome": "ok", "attempts": 1, "event": "http", "level": "info", "timestamp": "2026-08-30T04:05:42.382117Z"}
HTTP Request: GET https://jurisprudencia.cc.gob.gt/ptmp/AtributoElastic.aspx?id=791404 "HTTP/1.1 200 OK"
{"url": "https://jurisprudencia.cc.gob.gt/ptmp/AtributoElastic.aspx?id=791404", "status": 200, "bytes": 6748, "outcome": "ok", "attempts": 1, "event": "http", "level": "info", "timestamp": "2026-08-30T04:05:44.008153Z"}
HTTP Request: GET https://jurisprudencia.cc.gob.gt/ptmp/AtributoElastic.aspx?id=852905 "HTTP/1.1 200 OK"
{"url": "https://jurisprudencia.cc.gob.gt/ptmp/AtributoElastic.aspx?id=852905", "status": 200, "bytes": 12606, "outcome": "ok", "attempts": 1, "event": "http", "level": "info", "timestamp": "2026-08-30T04:05:46.206808Z"}
HTTP Request: GET https://jurisprudencia.cc.gob.gt/ptmp/AtributoElastic.aspx?id=803078 "HTTP/1.1 200 OK"
{"url": "https://jurisprudencia.cc.gob.gt/ptmp/AtributoElastic.aspx?id=803078", "status": 200, "bytes": 10127, "outcome": "ok", "attempts": 1, "event": "http", "level": "info", "timestamp": "2026-08-30T04:05:48.113871Z"}
HTTP Request: GET https://jurisprudencia.cc.gob.gt/ptmp/AtributoElastic.aspx?id=847935 "HTTP/1.1 200 OK"
{"url": "https://jurisprudencia.cc.gob.gt/ptmp/AtributoElastic.aspx?id=847935", "status": 200, "bytes": 9799, "outcome": "ok", "attempts": 1, "event": "http", "level": "info", "timestamp": "2026-08-30T04:05:50.364001Z"}
HTTP Request: GET https://jurisprudencia.cc.gob.gt/ptmp/AtributoElastic.aspx?id=797584 "HTTP/1.1 200 OK"
{"url": "https://jurisprudencia.cc.gob.gt/ptmp/AtributoElastic.aspx?id=797584", "status": 200, "bytes": 7323, "outcome": "ok", "attempts": 1, "event": "http", "level": "info", "timestamp": "2026-08-30T04:05:52.498030Z"}
