=== inicio Sun Aug 30 00:04:28 EDT 2026 ===
--- intento 0 termino con codigo 0 Sun Aug 30 04:46:38 EDT 2026 ---
=== fin Sun Aug 30 04:46:38 EDT 2026 codigo=0 ===

RESUMEN: 8,594 documentos recogidos, 6,784 con sentido (79%)
cobertura por anio:
  1996    11/237     5%
  1997    10/229     4%
  1998    33/217    15%
  1999    31/243    13%
  2000    44/247    18%
  2001    22/271     8%
  2002   157/270    58%
  2003   272/278    98%
  2004   287/295    97%
  2005   291/292   100%
  2006   305/310    98%
  2007   317/318   100%
  2008   325/326   100%
  2009   335/336   100%
  2010   332/333   100%
  2011   301/334    90%
  2012   195/338    58%
  2013   227/340    67%
  2014   327/344    95%
  2015   333/336    99%
  2016   342/346    99%
  2017   339/342    99%
  2018   325/336    97%
  2019   326/343    95%
  2020   302/315    96%
  2021   318/335    95%
  2022   334/338    99%
  2023   343/345    99%
